// Jest Snapshot v1, https://goo.gl/fbAQLP

// exports[`preview displays errors 1`] = `
// <localdevserver-preview>
//   #shadow-root(open)
//     <localdevserver-layout-section
//       class="main-content"
//     >
//       #shadow-root(open)
//         <slot />
//       <article
//         class="slds-card"
//       >
//         <div
//           class="header slds-grid slds-grid_vertical-align-center slds-grid_align-spread slds-p-vertical_medium slds-p-horizontal_large"
//         >
//           <header>
//             <lightning-breadcrumbs>
//               #shadow-root(open)
//                 <slot />
//               <lightning-breadcrumb>
//                 #shadow-root(open)
//               </lightning-breadcrumb>
//               <lightning-breadcrumb>
//                 #shadow-root(open)
//               </lightning-breadcrumb>
//             </lightning-breadcrumbs>
//             <h2
//               class="component-name slds-card__header-title slds-truncate slds-text-heading_medium slds-m-top_small"
//               title="c-foo"
//             >
//               c-foo
//             </h2>
//           </header>
//           <div
//             class="header-buttons"
//           >
//             <a
//               class="slds-button slds-button_outline-brand"
//               href="/"
//             >
//               Go Back
//             </a>
//             <a
//               class="slds-button slds-button_brand"
//               href="vscode://file//Users/arya/dev/test/src/foo/foo.js"
//             >
//               View in VS Code
//             </a>
//           </div>
//         </div>
//         <div
//           class="preview-content slds-grid slds-grid_vertical-align-center slds-grid_align-center"
//         >
//           <div
//             class="container slds-scrollable slds-m-around_large"
//           />
//           <localdevserver-error>
//             #shadow-root(open)
//               <section
//                 aria-modal="true"
//                 class="slds-modal slds-fade-in-open slds-modal_large"
//                 role="dialog"
//                 tabindex="-1"
//               >
//                 <div
//                   class="slds-modal__container"
//                 >
//                   <header
//                     class="slds-modal__header"
//                   >
//                     <h2
//                       id="modal-heading-01-19"
//                     >
//                       <img
//                         class="error-image"
//                         src="/assets/images/buggy.svg"
//                       />
//                     </h2>
//                   </header>
//                   <div
//                     class="slds-modal__content slds-p-around_medium"
//                   >
//                     <h1
//                       class="error-message slds-text-heading_large"
//                     />
//                     <h2
//                       class="error-location slds-text-heading_small"
//                     />
//                     <localdevserver-code-highlighter
//                       class="error-code"
//                     >
//                       #shadow-root(open)
//                         <div />
//                     </localdevserver-code-highlighter>
//                     <localdevserver-error-stacks
//                       class="error-stacks"
//                     >
//                       #shadow-root(open)
//                         <div
//                           class="stack-message slds-text-heading_small"
//                         >
//                           <div
//                             class="button-container"
//                           >
//                             <div
//                               class="line"
//                             />
//                             <div
//                               class="collapse-container"
//                             >
//                               <div
//                                 class="collapse"
//                               >
//                                 0 stack frames collapsed
//                               </div>
//                             </div>
//                           </div>
//                         </div>
//                     </localdevserver-error-stacks>
//                     <div
//                       class="info-note slds-text-heading_small"
//                     >
//                       This screen is visible only in development. It will not appear if the app crashes in production. Open your browser's developer console to further inspect this error.
//                     </div>
//                   </div>
//                 </div>
//               </section>
//               <div
//                 class="slds-backdrop slds-backdrop_open"
//               />
//           </localdevserver-error>
//         </div>
//       </article>
//     </localdevserver-layout-section>
// </localdevserver-preview>
// `;

exports[`preview renders 1`] = `
<localdevserver-preview>
  #shadow-root(open)
    <localdevserver-layout-section
      class="main-content"
    >
      #shadow-root(open)
        <slot />
      <article
        class="slds-card"
      >
        <div
          class="header slds-grid slds-grid_vertical-align-center slds-grid_align-spread slds-p-vertical_medium slds-p-horizontal_large"
        >
          <header>
            <lightning-breadcrumbs>
              #shadow-root(open)
                <slot />
              <lightning-breadcrumb>
                #shadow-root(open)
              </lightning-breadcrumb>
              <lightning-breadcrumb>
                #shadow-root(open)
              </lightning-breadcrumb>
            </lightning-breadcrumbs>
            <h2
              class="component-name slds-card__header-title slds-truncate slds-text-heading_medium slds-m-top_small"
            />
          </header>
          <div
            class="header-buttons"
          >
            <a
              class="slds-button slds-button_outline-brand"
              href="/"
            >
              Go Back
            </a>
            <a
              class="slds-button slds-button_brand"
              href="javascript:void(0);"
            >
              View in VS Code
            </a>
          </div>
        </div>
        <div
          class="preview-content slds-grid slds-grid_vertical-align-center slds-grid_align-center"
        >
          <div
            class="container slds-scrollable slds-m-around_large"
          />
          <lightning-spinner>
            #shadow-root(open)
          </lightning-spinner>
        </div>
      </article>
    </localdevserver-layout-section>
</localdevserver-preview>
`;

// exports[`preview renders a component 1`] = `
// <localdevserver-preview>
//   #shadow-root(open)
//     <localdevserver-layout-section
//       class="main-content"
//     >
//       #shadow-root(open)
//         <slot />
//       <article
//         class="slds-card"
//       >
//         <div
//           class="header slds-grid slds-grid_vertical-align-center slds-grid_align-spread slds-p-vertical_medium slds-p-horizontal_large"
//         >
//           <header>
//             <lightning-breadcrumbs>
//               #shadow-root(open)
//                 <slot />
//               <lightning-breadcrumb>
//                 #shadow-root(open)
//               </lightning-breadcrumb>
//               <lightning-breadcrumb>
//                 #shadow-root(open)
//               </lightning-breadcrumb>
//             </lightning-breadcrumbs>
//             <h2
//               class="component-name slds-card__header-title slds-truncate slds-text-heading_medium slds-m-top_small"
//               title="c-foo"
//             >
//               c-foo
//             </h2>
//           </header>
//           <div
//             class="header-buttons"
//           >
//             <a
//               class="slds-button slds-button_outline-brand"
//               href="/"
//             >
//               Go Back
//             </a>
//             <a
//               class="slds-button slds-button_brand"
//               href="vscode://file//Users/arya/dev/test/src/foo/foo.js"
//             >
//               View in VS Code
//             </a>
//           </div>
//         </div>
//         <div
//           class="preview-content slds-grid slds-grid_vertical-align-center slds-grid_align-center"
//         >
//           <div
//             class="container slds-scrollable slds-m-around_large"
//           >
//             <div>
//               test element
//             </div>
//           </div>
//         </div>
//       </article>
//     </localdevserver-layout-section>
// </localdevserver-preview>
// `;
