// Jest Snapshot v1, https://goo.gl/fbAQLP

exports[`preview renders 1`] = `
<localdevserver-preview>
  #shadow-root(open)
    <div
      class="preview slds-p-around_large"
    >
      <lightning-breadcrumbs
        class="slds-m-around_small"
      >
        #shadow-root(open)
          <slot />
        <lightning-breadcrumb>
          #shadow-root(open)
        </lightning-breadcrumb>
        <lightning-breadcrumb>
          #shadow-root(open)
        </lightning-breadcrumb>
      </lightning-breadcrumbs>
      <div
        class="container slds-m-around_small"
      />
    </div>
</localdevserver-preview>
`;
